------------------------------------------------------------
Timing Analyzer Summary
------------------------------------------------------------

Type  : Slow 1200mV 85C Model Setup 'clk'
Slack : -5.825
TNS   : -383.508

Type  : Slow 1200mV 85C Model Setup 'freq_div:Clocks|clk_game'
Slack : -2.571
TNS   : -55.939

Type  : Slow 1200mV 85C Model Setup 'freq_div:Clocks|clk_scan'
Slack : -1.820
TNS   : -34.777

Type  : Slow 1200mV 85C Model Setup 'freq_div:Clocks|clk_timer'
Slack : -1.574
TNS   : -13.687

Type  : Slow 1200mV 85C Model Hold 'clk'
Slack : -2.466
TNS   : -2.466

Type  : Slow 1200mV 85C Model Hold 'freq_div:Clocks|clk_game'
Slack : 0.341
TNS   : 0.000

Type  : Slow 1200mV 85C Model Hold 'freq_div:Clocks|clk_scan'
Slack : 0.341
TNS   : 0.000

Type  : Slow 1200mV 85C Model Hold 'freq_div:Clocks|clk_timer'
Slack : 0.586
TNS   : 0.000

Type  : Slow 1200mV 85C Model Minimum Pulse Width 'clk'
Slack : -3.000
TNS   : -155.927

Type  : Slow 1200mV 85C Model Minimum Pulse Width 'freq_div:Clocks|clk_game'
Slack : -1.403
TNS   : -50.508

Type  : Slow 1200mV 85C Model Minimum Pulse Width 'freq_div:Clocks|clk_scan'
Slack : -1.403
TNS   : -37.881

Type  : Slow 1200mV 85C Model Minimum Pulse Width 'freq_div:Clocks|clk_timer'
Slack : -1.403
TNS   : -12.627

Type  : Slow 1200mV 0C Model Setup 'clk'
Slack : -5.317
TNS   : -345.395

Type  : Slow 1200mV 0C Model Setup 'freq_div:Clocks|clk_game'
Slack : -2.280
TNS   : -48.471

Type  : Slow 1200mV 0C Model Setup 'freq_div:Clocks|clk_scan'
Slack : -1.582
TNS   : -29.577

Type  : Slow 1200mV 0C Model Setup 'freq_div:Clocks|clk_timer'
Slack : -1.357
TNS   : -11.764

Type  : Slow 1200mV 0C Model Hold 'clk'
Slack : -2.257
TNS   : -2.257

Type  : Slow 1200mV 0C Model Hold 'freq_div:Clocks|clk_game'
Slack : 0.306
TNS   : 0.000

Type  : Slow 1200mV 0C Model Hold 'freq_div:Clocks|clk_scan'
Slack : 0.306
TNS   : 0.000

Type  : Slow 1200mV 0C Model Hold 'freq_div:Clocks|clk_timer'
Slack : 0.549
TNS   : 0.000

Type  : Slow 1200mV 0C Model Minimum Pulse Width 'clk'
Slack : -3.000
TNS   : -155.927

Type  : Slow 1200mV 0C Model Minimum Pulse Width 'freq_div:Clocks|clk_game'
Slack : -1.403
TNS   : -50.508

Type  : Slow 1200mV 0C Model Minimum Pulse Width 'freq_div:Clocks|clk_scan'
Slack : -1.403
TNS   : -37.881

Type  : Slow 1200mV 0C Model Minimum Pulse Width 'freq_div:Clocks|clk_timer'
Slack : -1.403
TNS   : -12.627

Type  : Fast 1200mV 0C Model Setup 'clk'
Slack : -1.958
TNS   : -100.485

Type  : Fast 1200mV 0C Model Setup 'freq_div:Clocks|clk_game'
Slack : -0.591
TNS   : -7.383

Type  : Fast 1200mV 0C Model Setup 'freq_div:Clocks|clk_scan'
Slack : -0.202
TNS   : -2.208

Type  : Fast 1200mV 0C Model Setup 'freq_div:Clocks|clk_timer'
Slack : -0.075
TNS   : -0.600

Type  : Fast 1200mV 0C Model Hold 'clk'
Slack : -1.342
TNS   : -1.342

Type  : Fast 1200mV 0C Model Hold 'freq_div:Clocks|clk_game'
Slack : 0.148
TNS   : 0.000

Type  : Fast 1200mV 0C Model Hold 'freq_div:Clocks|clk_scan'
Slack : 0.148
TNS   : 0.000

Type  : Fast 1200mV 0C Model Hold 'freq_div:Clocks|clk_timer'
Slack : 0.231
TNS   : 0.000

Type  : Fast 1200mV 0C Model Minimum Pulse Width 'clk'
Slack : -3.000
TNS   : -115.857

Type  : Fast 1200mV 0C Model Minimum Pulse Width 'freq_div:Clocks|clk_game'
Slack : -1.000
TNS   : -36.000

Type  : Fast 1200mV 0C Model Minimum Pulse Width 'freq_div:Clocks|clk_scan'
Slack : -1.000
TNS   : -27.000

Type  : Fast 1200mV 0C Model Minimum Pulse Width 'freq_div:Clocks|clk_timer'
Slack : -1.000
TNS   : -9.000

------------------------------------------------------------
